06-09 14:38:24.960 16470 16522 I TestRunner: started: recognizerVideoModeResultFallsWithinAcceptedRange(com.google.mediapipe.examples.gesturerecognizer.GestureRecognizerTest)
06-09 14:38:24.997 29374 29374 I CardAdapter: setCards: SUGGESTED_APPS, SUGGESTED_TAG, SUGGESTED_DIRECTORY, HISTORY_KEYWORD
06-09 14:38:25.017 14498 14498 I ProviderWidgetComponent_14498_14498: onTrimMemory level 40
06-09 14:38:25.017 14498 14498 I HealthApplication_14498_14498: onTrimMemory level:40
06-09 14:38:25.017 14447 14447 I ProviderWidgetComponent_14447_14447: onTrimMemory level 40
06-09 14:38:25.018 14447 14447 I HealthApplication_14447_14447: onTrimMemory level:40
06-09 14:38:25.023 27063 27063 D BoundBrokerSvc: onBind: Intent { act=com.google.android.gms.measurement.START pkg=com.google.android.gms }
06-09 14:38:25.023 27063 27063 D BoundBrokerSvc: Loading bound service for intent: Intent { act=com.google.android.gms.measurement.START pkg=com.google.android.gms }
06-09 14:38:25.046 16470 16539 D TransportRuntime.JobInfoScheduler: Scheduling upload for context TransportContext(cct, DEFAULT, MSRodHRwczovL2ZpcmViYXNlbG9nZ2luZy5nb29nbGVhcGlzLmNvbS92MGNjL2xvZy9iYXRjaD9mb3JtYXQ9anNvbl9wcm90bzNc) with jobId=910962718 in 30000ms(Backend next call timestamp 1717912486863). Attempt 1
06-09 14:38:25.046  2583  2583 I lmkd    : 0(delay), 50(swap), 0(freelimit), 0(reentrymode) memory pressure events were skipped after a kill!
06-09 14:38:25.046 16470 16539 D CompatibilityChangeReporter: Compat change id reported: 194532703; UID 10468; state: ENABLED
06-09 14:38:25.047 16470 16539 D CompatibilityChangeReporter: Compat change id reported: 253665015; UID 10468; state: ENABLED
06-09 14:38:25.171 16470 16522 I AdrenoGLES-0: QUALCOMM build                   : 194d5e5755, I6561b7ccb3
06-09 14:38:25.171 16470 16522 I AdrenoGLES-0: Build Date                       : 08/10/23
06-09 14:38:25.171 16470 16522 I AdrenoGLES-0: OpenGL ES Shader Compiler Version: EV031.36.08.13
06-09 14:38:25.171 16470 16522 I AdrenoGLES-0: Local Branch                     :
06-09 14:38:25.171 16470 16522 I AdrenoGLES-0: Remote Branch                    :
06-09 14:38:25.171 16470 16522 I AdrenoGLES-0: Remote Branch                    :
06-09 14:38:25.171 16470 16522 I AdrenoGLES-0: Reconstruct Branch               :
06-09 14:38:25.171 16470 16522 I AdrenoGLES-0: Build Config                     : S P 12.1.1 AArch64
06-09 14:38:25.171 16470 16522 I AdrenoGLES-0: Driver Path                      : /vendor/lib64/egl/libGLESv2_adreno.so
06-09 14:38:25.171 16470 16522 I AdrenoGLES-0: Driver Version                   : 0615.0
06-09 14:38:25.177 16470 16522 I AdrenoGLES-0: PFP: 0x01730155, ME: 0x00000000
06-09 14:38:25.189   418   418 I hwservicemanager: getTransport: Cannot find entry vendor.qti.qspmhal@1.0::IQspmhal/default in either framework or device VINTF manifest.
06-09 14:38:25.189 16470 16522 W Adreno-AppProfiles: Could not find QSPM HAL service. Skipping adreno profile processing.
06-09 14:38:25.200 16470 16544 I tflite  : Initialized TensorFlow Lite runtime.
06-09 14:38:25.203 16470 16544 W libc    : Access denied finding property "ro.mediatek.platform"
06-09 14:38:25.215 16470 16544 I tflite  : Created TensorFlow Lite XNNPACK delegate for CPU.
06-09 14:38:25.230 16470 16544 I tflite  : Replacing 272 out of 272 node(s) with delegate (TfLiteXNNPackDelegate) node, yielding 1 partitions for the whole graph.
06-09 14:38:25.287 16470 16545 I tflite  : Replacing 165 out of 165 node(s) with delegate (TfLiteXNNPackDelegate) node, yielding 1 partitions for the whole graph.
06-09 14:38:25.307 16470 16549 I tflite  : Replacing 110 out of 126 node(s) with delegate (TfLiteXNNPackDelegate) node, yielding 7 partitions for the whole graph.
06-09 14:38:25.315 16470 16549 I tflite  : Replacing 4 out of 4 node(s) with delegate (TfLiteXNNPackDelegate) node, yielding 1 partitions for the whole graph.
06-09 14:38:25.317 16470 16547 I tflite  : Replacing 4 out of 4 node(s) with delegate (TfLiteXNNPackDelegate) node, yielding 1 partitions for the whole graph.
06-09 14:38:25.336 16470 16522 V MediaMetadataRetriever: constructor
06-09 14:38:25.349 28066 27020 V MetadataRetrieverClient: MetadataRetrieverClient constructor pid(16470)
06-09 14:38:25.349 28066 27020 V MediaPlayerService: Create new media retriever from pid 16470
06-09 14:38:25.364 30778 16296 I FASProvider: makeValuesForFasUpdate contentValues = package_name=com.microsoft.skydrive extras=0 reason=deleted_from_mars_auto disableReason=default uid=10093 mode=0 level=1 resetTime=0
06-09 14:38:25.371 16470 16522 V MediaMetadataRetriever: setDataSource(105, 0, 576460752303423487)
06-09 14:38:25.372 28066 27020 V MetadataRetrieverClient: setDataSource fd=22, offset=0, length=576460752303423487
06-09 14:38:25.372 28066 27020 V MetadataRetrieverClient: st_dev  = 65080
06-09 14:38:25.372 28066 27020 V MetadataRetrieverClient: st_mode = 33152
06-09 14:38:25.372 28066 27020 V MetadataRetrieverClient: st_uid  = 10468
06-09 14:38:25.372 28066 27020 V MetadataRetrieverClient: st_gid  = 20468
06-09 14:38:25.372 28066 27020 V MetadataRetrieverClient: st_size = 2576749
06-09 14:38:25.372 28066 27020 V MetadataRetrieverClient: calculated length = 2576749
06-09 14:38:25.372 28066 27020 V MetadataRetrieverClient: player type = 4
06-09 14:38:25.374 16470 16539 D TransportRuntime.SQLiteEventStore: Storing event with priority=DEFAULT, name=COREML_ON_DEVICE_SOLUTIONS for destination cct
06-09 14:38:25.385 16470 16539 D TransportRuntime.JobInfoScheduler: Upload for context TransportContext(cct, DEFAULT, MSRodHRwczovL2ZpcmViYXNlbG9nZ2luZy5nb29nbGVhcGlzLmNvbS92MGNjL2xvZy9iYXRjaD9mb3JtYXQ9anNvbl9wcm90bzNc) is already scheduled. Returning...
06-09 14:38:25.411  1711 17083 I DrmManagerService(Native): value of perm = 2 return true from DRM FW
06-09 14:38:25.424  1711 17083 E SEC_DRM_PLUGIN_Omafl: OmaPlugin::onOpenDecryptSession(fd)::Drm2IsDrmFileByExtFd::file is NOT DRM by extension
06-09 14:38:25.425 28066 27020 D StagefrightMetadataRetriever: FileSource remote
06-09 14:38:25.432 28449 28449 I SemExecuteManagerService: handleMessage: MSG_START_SCAN received. Start scanning.
06-09 14:38:25.453  1440 31453 I vendor.qti.bluetooth@1.0-ibs_handler: ProcessIbsCmd: Received IBS_WAKE_IND: 0xFD
06-09 14:38:25.453  1440 31453 I vendor.qti.bluetooth@1.0-ibs_handler: ProcessIbsCmd: Writing IBS_WAKE_ACK
06-09 14:38:25.461 30454 31491 D BtGatt.GattService: onScanResult to scannerId: 1- eventType=0x1b, addressType=1, address=XX:XX:XX:XX:56:9E, primaryPhy=1, secondaryPhy=0, advertisingSid=0xff, txPower=127, rssi=-65, periodicAdvInt=0x0
06-09 14:38:25.466 28896 28896 I AODNotificationManager: updateNotification()
06-09 14:38:25.485  1594  1594 D SurfaceFlinger: GPIS:: requestGPISForClientComposition
06-09 14:38:25.492  1594  4403 D NativeSemDvfsManager: acquire:: timeout = 2000 mIsAcquired = 1  mTagName : SurfaceFlinger
06-09 14:38:25.492  1594  4403 E NativeCustomFrequencyManager: [NativeCFMS] BpCustomFrequencyManager::acquire()
06-09 14:38:25.492 28102 28123 I HYPER-HAL: [RequestManager.cpp]acquire(): Acquired ID : 3369311  [1594 / 1001]    HINT : SF_GPU_MINLOCK    list : [TIMEOUT / 2000]
06-09 14:38:25.501  1440 31453 I vendor.qti.bluetooth@1.0-ibs_handler: ProcessIbsCmd: Received IBS_SLEEP_IND: 0xFE
06-09 14:38:25.505 21118 15578 D C2SoftVpxEnc: bytes generated 1546
06-09 14:38:25.536  1864  2151 I MediaExtractorFactory: Created an extractor 'SECMPEG4Extractor' with confidence 0.41
06-09 14:38:25.541  1864  2151 I SampleTable: There are reordered frames present.
06-09 14:38:25.546 28066 27020 V MetadataRetrieverClient: setDataSource(fd) return(0)
06-09 14:38:25.546 16470 16522 V MediaMetadataRetriever: setDataSource(fd) return(0)
06-09 14:38:25.547 16470 16522 V MediaMetadataRetriever: extractMetadata(9)
06-09 14:38:25.547 28066 17320 V MetadataRetrieverClient: extractMetadata
06-09 14:38:25.553 28449 28748 I ChimeraConservativePolicyHandler: executePolicy() :TRIGGER_SOURCE_LMKD, killAll : false
06-09 14:38:25.560 16470 16522 V MediaMetadataRetriever: getFrameAtTime: time(0 us) option(2) colorFormat(4) metaOnly(0)
06-09 14:38:25.560 28066 17320 V MetadataRetrieverClient: getFrameAtTime: time(0 us) option(2) colorFormat(4), metaOnly(0)
06-09 14:38:25.565 28066 17320 I libsfextcp: get_max_size_from_mediacodeclist(video/avc)
06-09 14:38:25.566 28066 17320 I libsfextcp: name(c2.qti.avc.decoder) width(8192) height(4320) isSoftware(0)
06-09 14:38:25.568  1864  2151 D MediaBufferGroup: creating MemoryDealer
06-09 14:38:25.576  1864  2151 I STHMBCD : create for 104
06-09 14:38:25.578  1864  2151 I STHMBCD : decode (1280x720:200)
06-09 14:38:25.585 28449 28754 V SemCellularStateManager: notifyCellularStateChanged : sendCommandUpdateCellularCapabilities called
06-09 14:38:25.585 28449 28754 D SemSupplicantStaIfaceHalHidlImpl: updateCellularCapabilities called
06-09 14:38:25.589 28068 31489 E netd    : getUidTrafficStats: first key not obtained
06-09 14:38:25.595 28896 28896 D StatusBarIconController: ignoring old pipeline callbacks, because the new mobile icons are enabled
06-09 14:38:25.615 21118 15578 D C2SoftVpxEnc: bytes generated 9243
06-09 14:38:25.619 28449 28748 I NSLocationMonitor: getGPSUsingApps() called
06-09 14:38:25.625 30148 22192 I NSLocationManager_FLP: getGPSUsingApps, NO_FREEZE={5013} / FREEZE={10228, 15010228}
06-09 14:38:25.632  1864  2151 I sthmbc_util: keep additional info. in VUI.(1:1)
06-09 14:38:25.635 28449 28748 I ChimeraConservativePolicyHandler: Skipped reason: LR, pids: 25056 9809 13094 10007 12074 21196 20766 17903
06-09 14:38:25.635 28449 28748 I ChimeraConservativePolicyHandler: Skipped reason: CA, pids: 14850 11780 20100 5895 15117 16145 16405 16278 16023 13850 15770 16028 13729 4773 14886 6952 31669 14783 15168 16070 14025 16208 13524 25044 14816 16229 15723 15084
06-09 14:38:25.635 28449 28748 I ChimeraConservativePolicyHandler: Skipped reason: PE, pids: 29312 29322 13195 29069 30483 15637 29336 4638 28449 5026 14498 27304 30633 2090 30773 27063 6455 30649 9273 30778 29630 12739 30148 28871 15560 5577 16728 28896 9313 30567 29288 14830 3951 14447 30831 32629 30454 29304 29050 15613 27774 14974
06-09 14:38:25.635 28449 28748 I ChimeraConservativePolicyHandler: Skipped reason: CA, pids: 22957 21716 11350 22618 21595 23068
06-09 14:38:25.635 28449 28748 I ChimeraConservativePolicyHandler: Skipped reason: VI, pids: 4565 4799
06-09 14:38:25.635 28449 28748 I ChimeraConservativePolicyHandler: Skipped reason: SE, pids: 12802 12611 12613 29768 32081 9300 6038 32741 11048
06-09 14:38:25.635 28449 28748 I ChimeraConservativePolicyHandler: killTargetList is empty
06-09 14:38:25.641  1864  2151 I STHMBCD : delete for 104
06-09 14:38:25.642 28066 17320 I SecFrameDecoder: success to get video frame. timeUs = 0
06-09 14:38:25.647  1594  1811 I VSyncReactor: Current= 60, Period= 60, hwcPeriod= 60
06-09 14:38:25.649 16470 16522 V MediaMetadataRetriever: getFrameAtTime: time(0 us) option(3) colorFormat(4) metaOnly(0)
06-09 14:38:25.649 28066 17320 V MetadataRetrieverClient: getFrameAtTime: time(0 us) option(3) colorFormat(4), metaOnly(0)
06-09 14:38:25.650 28066 17320 I libsfextcp: get_max_size_from_mediacodeclist(video/avc)
06-09 14:38:25.651 28066 17320 I libsfextcp: name(c2.qti.avc.decoder) width(8192) height(4320) isSoftware(0)
06-09 14:38:25.651 21118 15578 D C2SoftVpxEnc: bytes generated 1601
06-09 14:38:25.662 28066 16554 I CCodec  : state->set(ALLOCATING)
06-09 14:38:25.662 28066 16555 I CCodec  : allocate(c2.android.avc.decoder)
06-09 14:38:25.676 28066 16555 I CCodec  : setting up 'default' as default (vendor) store
06-09 14:38:25.691 28066 16555 I CCodec  : Created component [c2.android.avc.decoder]
06-09 14:38:25.692 28066 16555 I CCodec  : [c2.android.avc.decoder] state->set(ALLOCATED)
06-09 14:38:25.692 28066 16555 D CCodecConfig: read media type: video/avc
06-09 14:38:25.696 28066 16555 D ReflectedParamUpdater: extent() != 1 for single value type: algo.buffers.max-count.values
06-09 14:38:25.696 28066 16555 D ReflectedParamUpdater: extent() != 1 for single value type: output.subscribed-indices.values
06-09 14:38:25.696 28066 16555 D ReflectedParamUpdater: extent() != 1 for single value type: input.buffers.allocator-ids.values
06-09 14:38:25.696 28066 16555 D ReflectedParamUpdater: extent() != 1 for single value type: output.buffers.allocator-ids.values
06-09 14:38:25.696 28066 16555 D ReflectedParamUpdater: extent() != 1 for single value type: algo.buffers.allocator-ids.values
06-09 14:38:25.697 28066 16555 D ReflectedParamUpdater: extent() != 1 for single value type: output.buffers.pool-ids.values
06-09 14:38:25.697 28066 16555 D ReflectedParamUpdater: extent() != 1 for single value type: algo.buffers.pool-ids.values
06-09 14:38:25.698 28066 16555 D ReflectedParamUpdater: ignored struct field coded.color-format.locations
06-09 14:38:25.699 28066 16555 D CCodecConfig: ignoring local param raw.size (0xd2001800) as it is already supported
06-09 14:38:25.700 28066 16555 D CCodecConfig: ignoring local param default.color (0x5200180b) as it is already supported
06-09 14:38:25.700 28066 16555 D ReflectedParamUpdater: ignored struct field raw.hdr-static-info.mastering
06-09 14:38:25.702 28066 16555 I CCodecConfig: query failed after returning 12 values (BAD_INDEX)
06-09 14:38:25.703 28066 16555 D CCodecConfig: c2 config diff is Dict {
06-09 14:38:25.703 28066 16555 D CCodecConfig:   c2::u32 coded.pl.level = 20496
06-09 14:38:25.703 28066 16555 D CCodecConfig:   c2::u32 coded.pl.profile = 20481
06-09 14:38:25.703 28066 16555 D CCodecConfig:   c2::u32 coded.vui.color.matrix = 0
06-09 14:38:25.703 28066 16555 D CCodecConfig:   c2::u32 coded.vui.color.primaries = 0
06-09 14:38:25.703 28066 16555 D CCodecConfig:   c2::u32 coded.vui.color.range = 2
06-09 14:38:25.703 28066 16555 D CCodecConfig:   c2::u32 coded.vui.color.transfer = 0
06-09 14:38:25.703 28066 16555 D CCodecConfig:   c2::u32 default.color.matrix = 0
06-09 14:38:25.703 28066 16555 D CCodecConfig:   c2::u32 default.color.primaries = 0
06-09 14:38:25.703 28066 16555 D CCodecConfig:   c2::u32 default.color.range = 0
06-09 14:38:25.703 28066 16555 D CCodecConfig:   c2::u32 default.color.transfer = 0
06-09 14:38:25.703 28066 16555 D CCodecConfig:   c2::u32 input.buffers.max-size.value = 2097152
06-09 14:38:25.703 28066 16555 D CCodecConfig:   c2::u32 input.delay.value = 0
06-09 14:38:25.703 28066 16555 D CCodecConfig:   string input.media-type.value = "video/avc"
06-09 14:38:25.703 28066 16555 D CCodecConfig:   c2::u32 output.delay.value = 8
06-09 14:38:25.703 28066 16555 D CCodecConfig:   string output.media-type.value = "video/raw"
06-09 14:38:25.703 28066 16555 D CCodecConfig:   c2::u32 raw.color.matrix = 0
06-09 14:38:25.703 28066 16555 D CCodecConfig:   c2::u32 raw.color.primaries = 0
06-09 14:38:25.703 28066 16555 D CCodecConfig:   c2::u32 raw.color.range = 2
06-09 14:38:25.703 28066 16555 D CCodecConfig:   c2::u32 raw.color.transfer = 0
06-09 14:38:25.703 28066 16555 D CCodecConfig:   c2::u32 raw.max-size.height = 240
06-09 14:38:25.703 28066 16555 D CCodecConfig:   c2::u32 raw.max-size.width = 320
06-09 14:38:25.703 28066 16555 D CCodecConfig:   c2::u32 raw.pixel-format.value = 35
06-09 14:38:25.703 28066 16555 D CCodecConfig:   c2::i32 raw.rotation.flip = 0
06-09 14:38:25.703 28066 16555 D CCodecConfig:   c2::i32 raw.rotation.value = 0
06-09 14:38:25.703 28066 16555 D CCodecConfig:   c2::u32 raw.sar.height = 1
06-09 14:38:25.703 28066 16555 D CCodecConfig:   c2::u32 raw.sar.width = 1
06-09 14:38:25.703 28066 16555 D CCodecConfig:   c2::u32 raw.size.height = 240
06-09 14:38:25.703 28066 16555 D CCodecConfig:   c2::u32 raw.size.width = 320
06-09 14:38:25.703 28066 16555 D CCodecConfig:   c2:
06-09 14:38:25.703 28066 16555 W ColorUtils: expected specified color aspects (2:0:0:0)
06-09 14:38:25.703 28066 16554 D MediaCodec: c2.android.avc.decoder is software codec
06-09 14:38:25.704 28066 16554 D MediaCodec: flushMediametrics
06-09 14:38:25.705 28066 16555 D CCodec  : [c2.android.avc.decoder] buffers are bound to CCodec for this session
06-09 14:38:25.705 28066 16555 I CCodec  : Client requested ByteBuffer mode
06-09 14:38:25.705 28066 16555 I CCodec  : appPid(28066) width(1280) height(720)
06-09 14:38:25.705 28066 16555 D CCodecConfig: no c2 equivalents for thumbnail-time
06-09 14:38:25.705 28066 16555 D CCodecConfig: no c2 equivalents for durationUs
06-09 14:38:25.705 28066 16555 D CCodecConfig: no c2 equivalents for frame-count
06-09 14:38:25.705 28066 16555 D CCodecConfig: no c2 equivalents for track-id
06-09 14:38:25.705 28066 16555 D CCodecConfig: no c2 equivalents for track-fourcc
06-09 14:38:25.705 28066 16555 D CCodecConfig: no c2 equivalents for has-sdtp
06-09 14:38:25.705 28066 16555 D CCodecConfig: no c2 equivalents for language
06-09 14:38:25.705 28066 16555 D CCodecConfig: no c2 equivalents for display-width
06-09 14:38:25.705 28066 16555 D CCodecConfig: no c2 equivalents for display-height
06-09 14:38:25.705 28066 16555 D CCodecConfig: no c2 equivalents for color-standard
06-09 14:38:25.705 28066 16555 D CCodecConfig: no c2 equivalents for csd-1
06-09 14:38:25.705 28066 16555 D CCodecConfig: no c2 equivalents for color-format
06-09 14:38:25.705 28066 16555 D CCodecConfig: no c2 equivalents for flags
06-09 14:38:25.706 28066 16555 D CCodecConfig: c2 config diff is   c2::u32 coded.pl.level = 20490
06-09 14:38:25.706 28066 16555 D CCodecConfig:   c2::u32 coded.pl.profile = 20484
06-09 14:38:25.706 28066 16555 D CCodecConfig:   c2::u32 default.color.matrix = 1
06-09 14:38:25.706 28066 16555 D CCodecConfig:   c2::u32 default.color.primaries = 1
06-09 14:38:25.706 28066 16555 D CCodecConfig:   c2::u32 default.color.range = 2
06-09 14:38:25.706 28066 16555 D CCodecConfig:   c2::u32 default.color.transfer = 3
06-09 14:38:25.706 28066 16555 D CCodecConfig:   c2::u32 raw.size.height = 720
06-09 14:38:25.706 28066 16555 D CCodecConfig:   c2::u32 raw.size.width = 1280
06-09 14:38:25.706 28066 16555 W ColorUtils: expected specified color aspects (2:0:0:0)
06-09 14:38:25.707 28066 16555 W Codec2Client: query -- param skipped: index = 1107298332.
06-09 14:38:25.707 28066 16555 D CCodec  : encoding statistics level = 0
06-09 14:38:25.707 28066 16555 D CCodec  : setup formats input: AMessage(what = 0x00000000) = {
06-09 14:38:25.707 28066 16555 D CCodec  :   int32_t height = 720
06-09 14:38:25.707 28066 16555 D CCodec  :   int32_t level = 1024
06-09 14:38:25.707 28066 16555 D CCodec  :   int32_t max-input-size = 3145748
06-09 14:38:25.707 28066 16555 D CCodec  :   string mime = "video/avc"
06-09 14:38:25.707 28066 16555 D CCodec  :   int32_t profile = 8
06-09 14:38:25.707 28066 16555 D CCodec  :   int32_t width = 1280
06-09 14:38:25.707 28066 16555 D CCodec  :   Rect crop(0, 0, 1279, 719)
06-09 14:38:25.707 28066 16555 D CCodec  : }
06-09 14:38:25.707 28066 16555 D CCodec  : setup formats output: AMessage(what = 0x00000000) = {
06-09 14:38:25.707 28066 16555 D CCodec  :   int32_t android._color-format = 2135033992
06-09 14:38:25.707 28066 16555 D CCodec  :   int32_t android._video-scaling = 1
06-09 14:38:25.707 28066 16555 D CCodec  :   int32_t rotation-degrees = 0
06-09 14:38:25.707 28066 16555 D CCodec  :   int32_t color-standard = 0
06-09 14:38:25.707 28066 16555 D CCodec  :   int32_t color-range = 2
06-09 14:38:25.707 28066 16555 D CCodec  :   int32_t color-transfer = 0
06-09 14:38:25.707 28066 16555 D CCodec  :   int32_t sar-height = 1
06-09 14:38:25.707 28066 16555 D CCodec  :   int32_t sar-width = 1
06-09 14:38:25.707 28066 16555 D CCodec  :   Rect crop(0, 0, 1279, 719)
06-09 14:38:25.707 28066 16555 D CCodec  :   int32_t width = 1280
06-09 14:38:25.707 28066 16555 D CCodec  :   int32_t height = 720
06-09 14:38:25.707 28066 16555 D CCodec  :   int32_t max-height = 240
06-09 14:38:25.707 28066 16555 D CCodec  :   int32_t max-width = 320
06-09 14:38:25.707 28066 16555 D CCodec  :   string mime = "video/raw"
06-09 14:38:25.707 28066 16555 D CCodec  :   int32_t android._dataspace = 268435456
06-09 14:38:25.707 28066 16555 D CCodec  :   int32_t color-format = 2135033992
06-09 14:38:25.707 28066 16555 D CCodec  : }
06-09 14:38:25.707 28066 16555 I CCodecConfig: query failed after returning 12 values (BAD_INDEX)
06-09 14:38:25.707 28066 16555 D CCodecConfig: c2 config diff is   c2::u32 raw.color.matrix = 1
06-09 14:38:25.707 28066 16555 D CCodecConfig:   c2::u32 raw.color.primaries = 1
06-09 14:38:25.707 28066 16555 D CCodecConfig:   c2::u32 raw.color.transfer = 3
06-09 14:38:25.707 28066 16555 D CCodecConfig:   c2::u32 raw.max-size.height = 720
06-09 14:38:25.707 28066 16555 D CCodecConfig:   c2::u32 raw.max-size.width = 1280
06-09 14:38:25.710 28449 29256 D SehCodecSolutionService: updateMediaStatisticsData: (action=1@1986621044;category=2@1986621044;label=1634953268@1986621044)
06-09 14:38:25.710 28449 29256 D CodecSolution_MediaStatisticsData: MediaStatisticsData: action=1@1986621044;category=2@1986621044;label=1634953268@1986621044
06-09 14:38:25.710 28449 29256 D CodecSolution_MediaStatisticsData: Category.valueOf: 2
06-09 14:38:25.710 28449 29256 D CodecSolution_MediaStatisticsData: Action.valueOf: 1
06-09 14:38:25.711 28449 29256 D CodecSolution_MediaStatisticsData: Label.valueOf: 0x61736834
06-09 14:38:25.711 28449 29256 D CodecSolution_MediaStatisticsData: category: VDEC
06-09 14:38:25.711 28449 29256 D CodecSolution_MediaStatisticsData: action: INSTANTIATE
06-09 14:38:25.711 28449 29256 D CodecSolution_MediaStatisticsData: label: ANDROID_SW_H264
06-09 14:38:25.711 28066 16554 I CCodec  : [c2.android.avc.decoder] state->set(STARTING)
06-09 14:38:25.711 28449 28449 D SehCodecSolutionService: handleMessage : 900
06-09 14:38:25.712 28449 28449 D SehCodecSolutionService: event : VDEC
06-09 14:38:25.712 28449 28449 D CodecSolution_Logging: dma : true, feature: VDEC, extra: ANDROID_SW_H264, value: -1
06-09 14:38:25.712 28449 28449 D CodecSolution_Logging: insert diagmon log
06-09 14:38:25.712 28449 28449 D CodecSolution_Logging: permission granted
06-09 14:38:25.720 28066 16555 W Codec2Client: query -- param skipped: index = 1342179345.
06-09 14:38:25.720 28066 16555 W Codec2Client: query -- param skipped: index = 2415921170.
06-09 14:38:25.720 28066 16555 W Codec2Client: query -- param skipped: index = 1610614798.
06-09 14:38:25.724 21118 31667 D BufferPoolAccessor2.0: bufferpool2 0xb4000073b2e3b6c8 : 0(0 size) total buffers - 0(0 size) used buffers - 96/100 (recycle/alloc) - 4/99 (fetch/transfer)
06-09 14:38:25.724 21118 31667 D BufferPoolAccessor2.0: Destruction - bufferpool2 0xb4000073b2e3b6c8 cached: 0/0M, 0/0% in use; allocs: 100, 96% recycled; transfers: 99, 96% unfetched
06-09 14:38:25.724 28066 16555 D BufferPoolAccessor2.0: bufferpool2 0xe5705c68 : 4(131072 size) total buffers - 4(131072 size) used buffers - 11/19 (recycle/alloc) - 8/34 (fetch/transfer)
06-09 14:38:25.725 28066 16555 D CCodecBufferChannel: [c2.android.avc.decoder#701] Created input block pool with allocatorID 16 => poolID 420 - OK (0)
06-09 14:38:25.725 28066 16555 D CCodecBufferChannel: [c2.android.avc.decoder#701] Configured output block pool ids 1 => OK
06-09 14:38:25.725 28066 16555 I CCodec  : [c2.android.avc.decoder] state->set(RUNNING)
06-09 14:38:25.726  1528  1697 I QC2CompStore: Setting heap usage to system
06-09 14:38:25.738 28066 16555 I CCodecBufferChannel: [c2.android.avc.decoder#701] 4 initial input buffers available
06-09 14:38:25.738 28066 16554 W ResourceManagerService: Ignoring request to add new resource entry with value <= 0
06-09 14:38:25.738 28066 16554 I ResourceManagerService: skipResource - MediaInfo (width 1280 height 720), sw codec
06-09 14:38:25.739  1864  2151 D MediaBufferGroup: creating MemoryDealer
06-09 14:38:25.741 21118  5278 D BufferPoolAccessor2.0: bufferpool2 0xb4000073b2e36828 : 0(0 size) total buffers - 0(0 size) used buffers - 12/15 (recycle/alloc) - 3/14 (fetch/transfer)
06-09 14:38:25.741 21118  5278 D BufferPoolAccessor2.0: bufferpool2 0xb4000073b2e1f188 : 0(0 size) total buffers - 0(0 size) used buffers - 619/621 (recycle/alloc) - 2/330 (fetch/transfer)
06-09 14:38:25.741 21118  5278 D BufferPoolAccessor2.0: bufferpool2 0xb4000073b2e3d728 : 0(0 size) total buffers - 0(0 size) used buffers - 48196/48205 (recycle/alloc) - 6/25708 (fetch/transfer)
06-09 14:38:25.743 21118 16556 D SimpleC2Component: Using output block pool with poolID 1 => got 1 - 0
06-09 14:38:25.750  1528  1697 I QC2CompStore: Setting heap usage to system
06-09 14:38:25.750 21118 15578 D C2SoftVpxEnc: bytes generated 1423
06-09 14:38:25.760 28066 16555 D CCodecConfig: c2 config diff is   c2::u32 output.delay.value = 5
06-09 14:38:25.761 28066 16555 D Codec2-OutputBufferQueue: set max dequeue count 15 from update
06-09 14:38:25.824  1440 31459 I vendor.qti.bluetooth@1.0-ibs_handler: DeviceSleep: TX Awake, Sending SLEEP_IND
06-09 14:38:25.824  1440 31459 D vendor.qti.bluetooth@1.0-ibs_handler: SerialClockVote: vote for UART CLK OFF
06-09 14:38:25.847 15465 15494 D BufferPoolAccessor2.0: bufferpool2 0xb4000074245397e8 : 4(15360 size) total buffers - 4(15360 size) used buffers - 0/5 (recycle/alloc) - 8/4729 (fetch/transfer)
06-09 14:38:25.850 21118 15578 D C2SoftVpxEnc: bytes generated 1416
06-09 14:38:25.868 28066 16555 D CCodecConfig: c2 config diff is   c2::u32 raw.crop.height = 720
06-09 14:38:25.868 28066 16555 D CCodecConfig:   c2::u32 raw.crop.left = 0
06-09 14:38:25.868 28066 16555 D CCodecConfig:   c2::u32 raw.crop.top = 0
06-09 14:38:25.868 28066 16555 D CCodecConfig:   c2::u32 raw.crop.width = 1280
06-09 14:38:25.871  1594  1830 E RefreshRateSelector: Can't find idle refresh rate by policy with the same mode group as the current mode {id=2, hwcId=2, resolution=1080x2340, refreshRate=60.00 Hz, dpi=428.62x424.54, group=1080} (idle : 24 fps)
06-09 14:38:25.873 28449 28706 I SearchManagerService: _updateSearchables completed.
06-09 14:38:25.875 28449 31296 W system_server: Long monitor contention with owner android.sm (28706) at void com.android.server.search.SearchManagerService$MyPackageMonitor._updateSearchables(int)(SearchManagerService.java:265) waiters=0 in com.android.server.search.Searchables com.android.server.search.SearchManagerService.getSearchables(int, boolean) for 556ms
06-09 14:38:25.880 29374 16513 I SearchableManager: invalidate: com.google.mediapipe.examples.gesturerecognizer.test
06-09 14:38:25.884 28066 16555 D CCodecBuffers: [c2.android.avc.decoder#701:2D-BB-Output] updating image-data
06-09 14:38:25.884 28066 16555 D CCodecBuffers: [c2.android.avc.decoder#701:2D-BB-Output] updating stride = 1280, width: 1280, height: 720
06-09 14:38:25.884 28066 16555 D CCodecBuffers: [c2.android.avc.decoder#701:2D-BB-Output] updating vstride = 900
06-09 14:38:25.887 28066 17320 I FrameDecoder: updateDstVideoSize. mKeepAspectRatio(0), mDstWidth(0), mDstHeight(0)
06-09 14:38:25.893 28066 17320 I FrameDecoder: success to get video frame. timeUs = 0
06-09 14:38:25.893 28066 16554 I CCodec  : [c2.android.avc.decoder] state->set(RELEASING)
06-09 14:38:25.893 28066 16554 D CCodecBufferChannel: [c2.android.avc.decoder#701] MediaCodec discarded an unknown buffer
06-09 14:38:25.893 28066 16574 I CCodec  : [c2.android.avc.decoder] release(1)
06-09 14:38:25.893 28066 16554 D CCodecBufferChannel: [c2.android.avc.decoder#701] MediaCodec discarded an unknown buffer
06-09 14:38:25.893 28066 16554 D CCodecBufferChannel: [c2.android.avc.decoder#701] MediaCodec discarded an unknown buffer
06-09 14:38:25.893 28066 16554 D CCodecBufferChannel: [c2.android.avc.decoder#701] MediaCodec discarded an unknown buffer
06-09 14:38:25.894 28066 16554 D CCodecBufferChannel: [c2.android.avc.decoder#701] MediaCodec discarded an unknown buffer
06-09 14:38:25.894 28066 16554 D CCodecBufferChannel: [c2.android.avc.decoder#701] MediaCodec discarded an unknown buffer
06-09 14:38:25.894 28066 16554 D CCodecBufferChannel: [c2.android.avc.decoder#701] MediaCodec discarded an unknown buffer
06-09 14:38:25.899 28066 16574 I CCodec  : [c2.android.avc.decoder] state->set(RELEASED)
06-09 14:38:25.899 28066 16555 I hw-BpHwBinder: onLastStrongRef automatically unlinking death recipients
06-09 14:38:25.899 28066 16554 I MediaCodec: Codec shutdown complete
06-09 14:38:25.899 21118  5278 I hw-BpHwBinder: onLastStrongRef automatically unlinking death recipients
06-09 14:38:25.900 28066 16554 I ResourceManagerService: skipResource - MediaInfo (width 1280 height 720), sw codec
06-09 14:38:25.900 28066 17320 D MediaCodec: flushMediametrics
06-09 14:38:25.951 21118 15578 D C2SoftVpxEnc: bytes generated 1416
06-09 14:38:25.975  1440 30946 D vendor.qti.bluetooth@1.0-wake_lock: Release wakelock is released
06-09 14:38:25.997 28449 31743 D SemWifiUsabilityStatsMonitor: onWifiUsabilityStats - seqNum 24391, isSameBssidAndFreq true
06-09 14:38:25.998 28449 28765 I SemWifiLinkQualityMonitor: Link stat: 861 / 27 / 1.11 (10) / 866 / -46.0 || linkSpeedMbps 100.0 : 866.0 / successRate 0.5 : 0.9 / ccaRo 0.55 : 0.031358887 / RT QoS: true (true) || QoS: 0.084 ms / 95.729 Mbps / 0 (N)
06-09 14:38:26.051 21118 15578 D BufferPoolAccessor2.0: bufferpool2 0xb4000073b2e269c8 : 53(478633 size) total buffers - 1(1416 size) used buffers - 39/326 (recycle/alloc) - 289/325 (fetch/transfer)
06-09 14:38:26.051 21118 15578 D C2SoftVpxEnc: bytes generated 1416
06-09 14:38:26.068 16470 16522 V MediaMetadataRetriever: getFrameAtTime: time(300000 us) option(3) colorFormat(4) metaOnly(0)
06-09 14:38:26.068 28066 17335 V MetadataRetrieverClient: getFrameAtTime: time(300000 us) option(3) colorFormat(4), metaOnly(0)
06-09 14:38:26.070 28066 17335 I libsfextcp: get_max_size_from_mediacodeclist(video/avc)
06-09 14:38:26.070 28066 17335 I libsfextcp: name(c2.qti.avc.decoder) width(8192) height(4320) isSoftware(0)
06-09 14:38:26.071 28066 16575 I CCodec  : state->set(ALLOCATING)
06-09 14:38:26.071 28066 16576 I CCodec  : allocate(c2.android.avc.decoder)
06-09 14:38:26.073 28066 16576 I CCodec  : setting up 'default' as default (vendor) store
06-09 14:38:26.075 28066 16576 I CCodec  : Created component [c2.android.avc.decoder]
06-09 14:38:26.075 28066 16576 I CCodec  : [c2.android.avc.decoder] state->set(ALLOCATED)
06-09 14:38:26.075 28066 16576 D CCodecConfig: read media type: video/avc
06-09 14:38:26.077 28066 16576 D ReflectedParamUpdater: extent() != 1 for single value type: algo.buffers.max-count.values
06-09 14:38:26.077 28066 16576 D ReflectedParamUpdater: extent() != 1 for single value type: output.subscribed-indices.values
06-09 14:38:26.077 28066 16576 D ReflectedParamUpdater: extent() != 1 for single value type: input.buffers.allocator-ids.values
06-09 14:38:26.077 28066 16576 D ReflectedParamUpdater: extent() != 1 for single value type: output.buffers.allocator-ids.values
06-09 14:38:26.077 28066 16576 D ReflectedParamUpdater: extent() != 1 for single value type: algo.buffers.allocator-ids.values
06-09 14:38:26.077 28066 16576 D ReflectedParamUpdater: extent() != 1 for single value type: output.buffers.pool-ids.values
06-09 14:38:26.077 28066 16576 D ReflectedParamUpdater: extent() != 1 for single value type: algo.buffers.pool-ids.values
06-09 14:38:26.079 28066 16576 D ReflectedParamUpdater: ignored struct field coded.color-format.locations
06-09 14:38:26.079 28066 16576 D CCodecConfig: ignoring local param raw.size (0xd2001800) as it is already supported
06-09 14:38:26.079 28066 16576 D CCodecConfig: ignoring local param default.color (0x5200180b) as it is already supported
06-09 14:38:26.079 28066 16576 D ReflectedParamUpdater: ignored struct field raw.hdr-static-info.mastering
06-09 14:38:26.080 28066 16576 I CCodecConfig: query failed after returning 12 values (BAD_INDEX)
06-09 14:38:26.080 28066 16576 D CCodecConfig: c2 config diff is Dict {
06-09 14:38:26.080 28066 16576 D CCodecConfig:   c2::u32 coded.pl.level = 20496
06-09 14:38:26.080 28066 16576 D CCodecConfig:   c2::u32 coded.pl.profile = 20481
06-09 14:38:26.080 28066 16576 D CCodecConfig:   c2::u32 coded.vui.color.matrix = 0
06-09 14:38:26.080 28066 16576 D CCodecConfig:   c2::u32 coded.vui.color.primaries = 0
06-09 14:38:26.080 28066 16576 D CCodecConfig:   c2::u32 coded.vui.color.range = 2
06-09 14:38:26.080 28066 16576 D CCodecConfig:   c2::u32 coded.vui.color.transfer = 0
06-09 14:38:26.080 28066 16576 D CCodecConfig:   c2::u32 default.color.matrix = 0
06-09 14:38:26.080 28066 16576 D CCodecConfig:   c2::u32 default.color.primaries = 0
06-09 14:38:26.080 28066 16576 D CCodecConfig:   c2::u32 default.color.range = 0
06-09 14:38:26.080 28066 16576 D CCodecConfig:   c2::u32 default.color.transfer = 0
06-09 14:38:26.080 28066 16576 D CCodecConfig:   c2::u32 input.buffers.max-size.value = 2097152
06-09 14:38:26.080 28066 16576 D CCodecConfig:   c2::u32 input.delay.value = 0
06-09 14:38:26.080 28066 16576 D CCodecConfig:   string input.media-type.value = "video/avc"
06-09 14:38:26.080 28066 16576 D CCodecConfig:   c2::u32 output.delay.value = 8
06-09 14:38:26.080 28066 16576 D CCodecConfig:   string output.media-type.value = "video/raw"
06-09 14:38:26.080 28066 16576 D CCodecConfig:   c2::u32 raw.color.matrix = 0
06-09 14:38:26.080 28066 16576 D CCodecConfig:   c2::u32 raw.color.primaries = 0
06-09 14:38:26.080 28066 16576 D CCodecConfig:   c2::u32 raw.color.range = 2
06-09 14:38:26.080 28066 16576 D CCodecConfig:   c2::u32 raw.color.transfer = 0
06-09 14:38:26.080 28066 16576 D CCodecConfig:   c2::u32 raw.max-size.height = 240
06-09 14:38:26.080 28066 16576 D CCodecConfig:   c2::u32 raw.max-size.width = 320
06-09 14:38:26.080 28066 16576 D CCodecConfig:   c2::u32 raw.pixel-format.value = 35
06-09 14:38:26.080 28066 16576 D CCodecConfig:   c2::i32 raw.rotation.flip = 0
06-09 14:38:26.080 28066 16576 D CCodecConfig:   c2::i32 raw.rotation.value = 0
06-09 14:38:26.080 28066 16576 D CCodecConfig:   c2::u32 raw.sar.height = 1
06-09 14:38:26.080 28066 16576 D CCodecConfig:   c2::u32 raw.sar.width = 1
06-09 14:38:26.080 28066 16576 D CCodecConfig:   c2::u32 raw.size.height = 240
06-09 14:38:26.080 28066 16576 D CCodecConfig:   c2::u32 raw.size.width = 320
06-09 14:38:26.080 28066 16576 D CCodecConfig:   c2:
06-09 14:38:26.081 28066 16576 W ColorUtils: expected specified color aspects (2:0:0:0)
06-09 14:38:26.081 28066 16575 D MediaCodec: c2.android.avc.decoder is software codec
06-09 14:38:26.081 28066 16575 D MediaCodec: flushMediametrics
06-09 14:38:26.081 28066 16576 D CCodec  : [c2.android.avc.decoder] buffers are bound to CCodec for this session
06-09 14:38:26.082 28066 16576 I CCodec  : Client requested ByteBuffer mode
06-09 14:38:26.082 28066 16576 I CCodec  : appPid(28066) width(1280) height(720)
06-09 14:38:26.082 28066 16576 D CCodecConfig: no c2 equivalents for thumbnail-time
06-09 14:38:26.082 28066 16576 D CCodecConfig: no c2 equivalents for durationUs
06-09 14:38:26.082 28066 16576 D CCodecConfig: no c2 equivalents for frame-count
06-09 14:38:26.082 28066 16576 D CCodecConfig: no c2 equivalents for track-id
06-09 14:38:26.082 28066 16576 D CCodecConfig: no c2 equivalents for track-fourcc
06-09 14:38:26.082 28066 16576 D CCodecConfig: no c2 equivalents for has-sdtp
06-09 14:38:26.082 28066 16576 D CCodecConfig: no c2 equivalents for language
06-09 14:38:26.082 28066 16576 D CCodecConfig: no c2 equivalents for display-width
06-09 14:38:26.082 28066 16576 D CCodecConfig: no c2 equivalents for display-height
06-09 14:38:26.082 28066 16576 D CCodecConfig: no c2 equivalents for color-standard
06-09 14:38:26.082 28066 16576 D CCodecConfig: no c2 equivalents for csd-1
06-09 14:38:26.082 28066 16576 D CCodecConfig: no c2 equivalents for color-format
06-09 14:38:26.082 28066 16576 D CCodecConfig: no c2 equivalents for flags
06-09 14:38:26.082 28066 16576 D CCodecConfig: c2 config diff is   c2::u32 coded.pl.level = 20490
06-09 14:38:26.082 28066 16576 D CCodecConfig:   c2::u32 coded.pl.profile = 20484
06-09 14:38:26.082 28066 16576 D CCodecConfig:   c2::u32 default.color.matrix = 1
06-09 14:38:26.082 28066 16576 D CCodecConfig:   c2::u32 default.color.primaries = 1
06-09 14:38:26.082 28066 16576 D CCodecConfig:   c2::u32 default.color.range = 2
06-09 14:38:26.082 28066 16576 D CCodecConfig:   c2::u32 default.color.transfer = 3
06-09 14:38:26.082 28066 16576 D CCodecConfig:   c2::u32 raw.size.height = 720
06-09 14:38:26.082 28066 16576 D CCodecConfig:   c2::u32 raw.size.width = 1280
06-09 14:38:26.083 28066 16576 W ColorUtils: expected specified color aspects (2:0:0:0)
06-09 14:38:26.083 28066 16576 W Codec2Client: query -- param skipped: index = 1107298332.
06-09 14:38:26.083 28066 16576 D CCodec  : encoding statistics level = 0
06-09 14:38:26.083 28066 16576 D CCodec  : setup formats input: AMessage(what = 0x00000000) = {
06-09 14:38:26.083 28066 16576 D CCodec  :   int32_t height = 720
06-09 14:38:26.083 28066 16576 D CCodec  :   int32_t level = 1024
06-09 14:38:26.083 28066 16576 D CCodec  :   int32_t max-input-size = 3145748
06-09 14:38:26.083 28066 16576 D CCodec  :   string mime = "video/avc"
06-09 14:38:26.083 28066 16576 D CCodec  :   int32_t profile = 8
06-09 14:38:26.083 28066 16576 D CCodec  :   int32_t width = 1280
06-09 14:38:26.083 28066 16576 D CCodec  :   Rect crop(0, 0, 1279, 719)
06-09 14:38:26.083 28066 16576 D CCodec  : }
06-09 14:38:26.083 28066 16576 D CCodec  : setup formats output: AMessage(what = 0x00000000) = {
06-09 14:38:26.083 28066 16576 D CCodec  :   int32_t android._color-format = 2135033992
06-09 14:38:26.083 28066 16576 D CCodec  :   int32_t android._video-scaling = 1
06-09 14:38:26.083 28066 16576 D CCodec  :   int32_t rotation-degrees = 0
06-09 14:38:26.083 28066 16576 D CCodec  :   int32_t color-standard = 0
06-09 14:38:26.083 28066 16576 D CCodec  :   int32_t color-range = 2
06-09 14:38:26.083 28066 16576 D CCodec  :   int32_t color-transfer = 0
06-09 14:38:26.083 28066 16576 D CCodec  :   int32_t sar-height = 1
06-09 14:38:26.083 28066 16576 D CCodec  :   int32_t sar-width = 1
06-09 14:38:26.083 28066 16576 D CCodec  :   Rect crop(0, 0, 1279, 719)
06-09 14:38:26.083 28066 16576 D CCodec  :   int32_t width = 1280
06-09 14:38:26.083 28066 16576 D CCodec  :   int32_t height = 720
06-09 14:38:26.083 28066 16576 D CCodec  :   int32_t max-height = 240
06-09 14:38:26.083 28066 16576 D CCodec  :   int32_t max-width = 320
06-09 14:38:26.083 28066 16576 D CCodec  :   string mime = "video/raw"
06-09 14:38:26.083 28066 16576 D CCodec  :   int32_t android._dataspace = 268435456
06-09 14:38:26.083 28066 16576 D CCodec  :   int32_t color-format = 2135033992
06-09 14:38:26.083 28066 16576 D CCodec  : }
06-09 14:38:26.083 28066 16576 I CCodecConfig: query failed after returning 12 values (BAD_INDEX)
06-09 14:38:26.083 28066 16576 D CCodecConfig: c2 config diff is   c2::u32 raw.color.matrix = 1
06-09 14:38:26.083 28066 16576 D CCodecConfig:   c2::u32 raw.color.primaries = 1
06-09 14:38:26.083 28066 16576 D CCodecConfig:   c2::u32 raw.color.transfer = 3
06-09 14:38:26.083 28066 16576 D CCodecConfig:   c2::u32 raw.max-size.height = 720
06-09 14:38:26.083 28066 16576 D CCodecConfig:   c2::u32 raw.max-size.width = 1280
06-09 14:38:26.084 28449 28641 D SehCodecSolutionService: updateMediaStatisticsData: (action=1@1986621044;category=2@1986621044;label=1634953268@1986621044)
06-09 14:38:26.084 28449 28641 D CodecSolution_MediaStatisticsData: MediaStatisticsData: action=1@1986621044;category=2@1986621044;label=1634953268@1986621044
06-09 14:38:26.084 28449 28641 D CodecSolution_MediaStatisticsData: Category.valueOf: 2
06-09 14:38:26.084 28449 28641 D CodecSolution_MediaStatisticsData: Action.valueOf: 1
06-09 14:38:26.084 28449 28641 D CodecSolution_MediaStatisticsData: Label.valueOf: 0x61736834
06-09 14:38:26.084 28449 28641 D CodecSolution_MediaStatisticsData: category: VDEC
06-09 14:38:26.084 28449 28641 D CodecSolution_MediaStatisticsData: action: INSTANTIATE
06-09 14:38:26.084 28449 28641 D CodecSolution_MediaStatisticsData: label: ANDROID_SW_H264
06-09 14:38:26.084 28066 16575 I CCodec  : [c2.android.avc.decoder] state->set(STARTING)
06-09 14:38:26.085 28449 28449 D SehCodecSolutionService: handleMessage : 900
06-09 14:38:26.085 28449 28449 D SehCodecSolutionService: event : VDEC
06-09 14:38:26.085 28449 28449 D CodecSolution_Logging: dma : true, feature: VDEC, extra: ANDROID_SW_H264, value: -1
06-09 14:38:26.085 28449 28449 D CodecSolution_Logging: insert diagmon log
06-09 14:38:26.085 28449 28449 D CodecSolution_Logging: permission granted
06-09 14:38:26.089 28066 16576 W Codec2Client: query -- param skipped: index = 1342179345.
06-09 14:38:26.089 28066 16576 W Codec2Client: query -- param skipped: index = 2415921170.
06-09 14:38:26.089 28066 16576 W Codec2Client: query -- param skipped: index = 1610614798.
06-09 14:38:26.090 28066 16576 D CCodecBufferChannel: [c2.android.avc.decoder#415] Created input block pool with allocatorID 16 => poolID 421 - OK (0)
06-09 14:38:26.090 28066 16576 D CCodecBufferChannel: [c2.android.avc.decoder#415] Configured output block pool ids 1 => OK
06-09 14:38:26.090 28066 16576 I CCodec  : [c2.android.avc.decoder] state->set(RUNNING)
06-09 14:38:26.090  1528  1697 I QC2CompStore: Setting heap usage to system
06-09 14:38:26.091 28066 16576 I CCodecBufferChannel: [c2.android.avc.decoder#415] 4 initial input buffers available
06-09 14:38:26.091 28066 16575 W ResourceManagerService: Ignoring request to add new resource entry with value <= 0
06-09 14:38:26.092 28068 31489 E netd    : getUidTrafficStats: first key not obtained
06-09 14:38:26.092 28066 16575 I ResourceManagerService: skipResource - MediaInfo (width 1280 height 720), sw codec
06-09 14:38:26.092  1864  2151 D MediaBufferGroup: creating MemoryDealer
06-09 14:38:26.093 21118 16577 D SimpleC2Component: Using output block pool with poolID 1 => got 1 - 0
06-09 14:38:26.095 28066 16576 D CCodecConfig: c2 config diff is   c2::u32 output.delay.value = 5
06-09 14:38:26.096 28066 16576 D Codec2-OutputBufferQueue: set max dequeue count 15 from update
06-09 14:38:26.141 28066 16576 D CCodecConfig: c2 config diff is   c2::u32 raw.crop.height = 720
06-09 14:38:26.141 28066 16576 D CCodecConfig:   c2::u32 raw.crop.left = 0
06-09 14:38:26.141 28066 16576 D CCodecConfig:   c2::u32 raw.crop.top = 0
06-09 14:38:26.141 28066 16576 D CCodecConfig:   c2::u32 raw.crop.width = 1280
06-09 14:38:26.142 28066 16576 D CCodecBuffers: [c2.android.avc.decoder#415:2D-BB-Output] updating image-data
06-09 14:38:26.142 28066 16576 D CCodecBuffers: [c2.android.avc.decoder#415:2D-BB-Output] updating stride = 1280, width: 1280, height: 720
06-09 14:38:26.142 28066 16576 D CCodecBuffers: [c2.android.avc.decoder#415:2D-BB-Output] updating vstride = 900
06-09 14:38:26.152 21118 15578 D C2SoftVpxEnc: bytes generated 1416
06-09 14:38:26.187 28086 28086 I sensors-hal: set_config:61, sample_period_ns is adjusted to 10000000 based on min/max delay_ns
06-09 14:38:26.187 28086 28086 I sensors-hal: batch:504, android.sensor.accelerometer/11, period=10000000, max_latency=0 request completed
06-09 14:38:26.188 28086 28086 I sensors-hal: activate:420, android.sensor.accelerometer/11 en=1
06-09 14:38:26.190 28086 28086 I sensors-hal: get_qmi_debug_flag:239, support_qmi_debug : false
06-09 14:38:26.191  1436  1487 E minksocket: MinkIPC_QRTR_Service: client with node 1 port 5e9e went down
06-09 14:38:26.192  1436  1487 E minksocket: MinkIPC_QRTR_Service: client with node 1 port 5e9f went down
06-09 14:38:26.193  1436  1487 E minksocket: MinkIPC_QRTR_Service: client with node 1 port 5ea0 went down
06-09 14:38:26.194  1436  1487 E minksocket: MinkIPC_QRTR_Service: client with node 1 port 5ea1 went down
06-09 14:38:26.195 28086 28086 I sensors-hal: send_sensor_config_request:510, resampler is used, set resampler config
06-09 14:38:26.196 28086 28086 I sensors-hal: send_sync_sensor_request:450, send sync request
06-09 14:38:26.196 28086 28086 I sensors-hal: send_sync_sensor_request:476, wait for notification of response
06-09 14:38:26.200 28086 16605 I sensors-hal: ssc_conn_resp_cb:835, resp_value = 0
06-09 14:38:26.201 28086 28086 I sensors-hal: send_sync_sensor_request:482, takes 4 ms to receive the response with 0
06-09 14:38:26.201 28086 16605 I sensors-hal: handle_indication_realtime:467,  SCHED_FIFO(10) for qmi_cbk
06-09 14:38:26.201 28086 28086 I sensors-hal: activate:438, android.sensor.accelerometer/11 en=1 completed
06-09 14:38:26.202 28449 29256 D SensorService: resetSensorStateForIdleUID uid= 10090 , ident = 0xb4000074b4d2fc50
06-09 14:38:26.203 28086 28086 I sensors-hal: activate:420, android.sensor.accelerometer/11 en=0
06-09 14:38:26.203 28086 28086 I sensors-hal: deactivate:382, disconnect qmi to disable sensor
06-09 14:38:26.203 28086 28086 I sensors-hal: activate:438, android.sensor.accelerometer/11 en=0 completed
06-09 14:38:26.204  1436  1487 E minksocket: MinkIPC_QRTR_Service: client with node 1 port 5ea2 went down
06-09 14:38:26.208 28086 28086 I sensors-hal: set_config:61, sample_period_ns is adjusted to 10000000 based on min/max delay_ns
06-09 14:38:26.208 28086 28086 I sensors-hal: batch:504, android.sensor.gyroscope/41, period=10000000, max_latency=0 request completed
06-09 14:38:26.208 28086 28086 I sensors-hal: activate:420, android.sensor.gyroscope/41 en=1
06-09 14:38:26.208 28066 17335 I FrameDecoder: updateDstVideoSize. mKeepAspectRatio(0), mDstWidth(0), mDstHeight(0)
06-09 14:38:26.210 28086 28086 I sensors-hal: get_qmi_debug_flag:239, support_qmi_debug : false
06-09 14:38:26.211  1436  1487 E minksocket: MinkIPC_QRTR_Service: client with node 1 port 5ea3 went down
06-09 14:38:26.211 21118 15499 D BufferPoolAccessor2.0: bufferpool2 0xb4000073b2e3d038 : 3(72000 size) total buffers - 1(24000 size) used buffers - 2396/2400 (recycle/alloc) - 3/1278 (fetch/transfer)
06-09 14:38:26.211 28066 17335 I FrameDecoder: success to get video frame. timeUs = 320000
06-09 14:38:26.212 28066 16575 I CCodec  : [c2.android.avc.decoder] state->set(RELEASING)
06-09 14:38:26.212 28066  5502 D PipelineWatcher: onInputBufferReleased: frameIndex not found (14); ignored
06-09 14:38:26.213  1436  1487 E minksocket: MinkIPC_QRTR_Service: client with node 1 port 5ea4 went down
06-09 14:38:26.214  1436  1487 E minksocket: MinkIPC_QRTR_Service: client with node 1 port 5ea5 went down
06-09 14:38:26.217 28086 16610 I sensors-hal: handle_indication_realtime:467,  SCHED_FIFO(10) for qmi_cbk
06-09 14:38:26.218 28066 16611 I CCodec  : [c2.android.avc.decoder] release(1)
06-09 14:38:26.219  1436  1487 E minksocket: MinkIPC_QRTR_Service: client with node 1 port 5ea6 went down
06-09 14:38:26.220 28086 28086 I sensors-hal: set_config:61, sample_period_ns is adjusted to 1000000000 based on min/max delay_ns
06-09 14:38:26.220 28086 28086 I sensors-hal: get_qmi_debug_flag:239, support_qmi_debug : false
06-09 14:38:26.221  1436  1487 E minksocket: MinkIPC_QRTR_Service: client with node 1 port 5ea8 went down
06-09 14:38:26.223  1436  1487 E minksocket: MinkIPC_QRTR_Service: client with node 1 port 5ea9 went down
06-09 14:38:26.224  1436  1487 E minksocket: MinkIPC_QRTR_Service: client with node 1 port 5eaa went down
06-09 14:38:26.226 28086 28086 I sensors-hal: send_sync_sensor_request:450, send sync request
06-09 14:38:26.226 28086 28086 I sensors-hal: send_sync_sensor_request:476, wait for notification of response
06-09 14:38:26.226  1436  1487 E minksocket: MinkIPC_QRTR_Service: client with node 1 port 5eab went down
06-09 14:38:26.230 28086 16616 I sensors-hal: ssc_conn_resp_cb:835, resp_value = 0
06-09 14:38:26.230 28086 16616 I sensors-hal: handle_indication_realtime:467,  SCHED_FIFO(10) for qmi_cbk
06-09 14:38:26.230 28086 28086 I sensors-hal: send_sync_sensor_request:482, takes 4 ms to receive the response with 0
06-09 14:38:26.231 28066  5502 D PipelineWatcher: onInputBufferReleased: frameIndex not found (15); ignored
06-09 14:38:26.231 28066 16611 I CCodec  : [c2.android.avc.decoder] state->set(RELEASED)
06-09 14:38:26.231 28086 28086 I sensors-hal: get_qmi_debug_flag:239, support_qmi_debug : false
06-09 14:38:26.231 28066 16575 I MediaCodec: Codec shutdown complete
06-09 14:38:26.234  1436  1487 E minksocket: MinkIPC_QRTR_Service: client with node 1 port 5ead went down
06-09 14:38:26.235 28066 16575 I ResourceManagerService: skipResource - MediaInfo (width 1280 height 720), sw codec
06-09 14:38:26.237  1436  1487 E minksocket: MinkIPC_QRTR_Service: client with node 1 port 5eae went down
06-09 14:38:26.238  1436  1487 E minksocket: MinkIPC_QRTR_Service: client with node 1 port 5eaf went down
06-09 14:38:26.238 28086 28086 I sensors-hal: send_sensor_config_request:510, resampler is used, set resampler config
06-09 14:38:26.239  1436  1487 E minksocket: MinkIPC_QRTR_Service: client with node 1 port 5eb0 went down
06-09 14:38:26.239 28086 28086 I sensors-hal: send_sync_sensor_request:450, send sync request
06-09 14:38:26.239 28086 28086 I sensors-hal: send_sync_sensor_request:476, wait for notification of response
06-09 14:38:26.241 28086 16619 I sensors-hal: ssc_conn_resp_cb:835, resp_value = 0
06-09 14:38:26.241 28086 28086 I sensors-hal: send_sync_sensor_request:482, takes 2 ms to receive the response with 0
06-09 14:38:26.241 28086 28086 I sensors-hal: activate:438, android.sensor.gyroscope/41 en=1 completed
06-09 14:38:26.241 28449 29256 D SensorService: resetSensorStateForIdleUID uid= 10090 , ident = 0xb4000074b4dc4710
06-09 14:38:26.241 28086 28086 I sensors-hal: activate:420, android.sensor.gyroscope/41 en=0
06-09 14:38:26.242 28066 16575 D MediaCodec: flushMediametrics
06-09 14:38:26.243 28086 28086 I sensors-hal: deactivate:382, disconnect qmi to disable sensor
06-09 14:38:26.243  1436  1487 E minksocket: MinkIPC_QRTR_Service: client with node 1 port 5eb1 went down
06-09 14:38:26.244 28086 28086 I sensors-hal: deactivate:382, disconnect qmi to disable sensor
06-09 14:38:26.245  1440 31453 I vendor.qti.bluetooth@1.0-ibs_handler: ProcessIbsCmd: Received IBS_WAKE_IND: 0xFD
06-09 14:38:26.245  1440 31453 D vendor.qti.bluetooth@1.0-ibs_handler: SerialClockVote: vote for UART CLK ON
06-09 14:38:26.245 28086 28086 I sensors-hal: activate:438, android.sensor.gyroscope/41 en=0 completed
