06-09 14:38:35.605 28066 19093 I CCodec  : [c2.android.avc.decoder] release(1)
06-09 14:38:35.605 28066 18999 D CCodecBufferChannel: [c2.android.avc.decoder#21] MediaCodec discarded an unknown buffer
06-09 14:38:35.607 28066 17841 D PipelineWatcher: onInputBufferReleased: frameIndex not found (43); ignored
06-09 14:38:35.612 28066 19093 I CCodec  : [c2.android.avc.decoder] state->set(RELEASED)
06-09 14:38:35.612 28066 18999 I MediaCodec: Codec shutdown complete
06-09 14:38:35.613 28066 19093 I hw-BpHwBinder: onLastStrongRef automatically unlinking death recipients
06-09 14:38:35.613 21118 31428 I hw-BpHwBinder: onLastStrongRef automatically unlinking death recipients
06-09 14:38:35.613 28066 18999 I ResourceManagerService: skipResource - MediaInfo (width 1280 height 720), sw codec
06-09 14:38:35.613 28066 17335 D MediaCodec: flushMediametrics
06-09 14:38:35.632  1594  1594 D SurfaceFlinger: GPIS:: requestGPISForClientComposition
06-09 14:38:35.638  1594  4403 D NativeSemDvfsManager: acquire:: timeout = 2000 mIsAcquired = 1  mTagName : SurfaceFlinger
06-09 14:38:35.638  1594  4403 E NativeCustomFrequencyManager: [NativeCFMS] BpCustomFrequencyManager::acquire()
06-09 14:38:35.639 28102 28123 I HYPER-HAL: [RequestManager.cpp]acquire(): Acquired ID : 3369311  [1594 / 1001]    HINT : SF_GPU_MINLOCK    list : [TIMEOUT / 2000]
06-09 14:38:35.650  1528  1697 I QC2CompStore: Setting heap usage to system
06-09 14:38:35.650 21118 15578 D C2SoftVpxEnc: bytes generated 1352
06-09 14:38:35.673 15560 15568 I ndroid.scs:text: Background concurrent copying GC freed 488086(21MB) AllocSpace objects, 63(19MB) LOS objects, 49% free, 11MB/22MB, paused 122us,25us total 300.970ms
06-09 14:38:35.725 28066 17803 D BufferPoolAccessor2.0: bufferpool2 0xe57032c8 : 0(0 size) total buffers - 0(0 size) used buffers - 20/25 (recycle/alloc) - 5/23 (fetch/transfer)
06-09 14:38:35.726 28066 17803 D BufferPoolAccessor2.0: evictor expired: 1, evicted: 1
06-09 14:38:35.748 21118 15578 D C2SoftVpxEnc: bytes generated 1312
06-09 14:38:35.765 16470 16522 V MediaMetadataRetriever: getFrameAtTime: time(7800000 us) option(3) colorFormat(4) metaOnly(0)
06-09 14:38:35.766 28066 17320 V MetadataRetrieverClient: getFrameAtTime: time(7800000 us) option(3) colorFormat(4), metaOnly(0)
06-09 14:38:35.767 28066 17320 I libsfextcp: get_max_size_from_mediacodeclist(video/avc)
06-09 14:38:35.767 28066 17320 I libsfextcp: name(c2.qti.avc.decoder) width(8192) height(4320) isSoftware(0)
06-09 14:38:35.768 28066 19095 I CCodec  : state->set(ALLOCATING)
06-09 14:38:35.768 28066 19096 I CCodec  : allocate(c2.android.avc.decoder)
06-09 14:38:35.771 28066 19096 I CCodec  : setting up 'default' as default (vendor) store
06-09 14:38:35.773 28066 19096 I CCodec  : Created component [c2.android.avc.decoder]
06-09 14:38:35.773 28066 19096 I CCodec  : [c2.android.avc.decoder] state->set(ALLOCATED)
06-09 14:38:35.773 28066 19096 D CCodecConfig: read media type: video/avc
06-09 14:38:35.775 28066 19096 D ReflectedParamUpdater: extent() != 1 for single value type: algo.buffers.max-count.values
06-09 14:38:35.775 28066 19096 D ReflectedParamUpdater: extent() != 1 for single value type: output.subscribed-indices.values
06-09 14:38:35.775 28066 19096 D ReflectedParamUpdater: extent() != 1 for single value type: input.buffers.allocator-ids.values
06-09 14:38:35.776 28066 19096 D ReflectedParamUpdater: extent() != 1 for single value type: output.buffers.allocator-ids.values
06-09 14:38:35.776 28066 19096 D ReflectedParamUpdater: extent() != 1 for single value type: algo.buffers.allocator-ids.values
06-09 14:38:35.776 28066 19096 D ReflectedParamUpdater: extent() != 1 for single value type: output.buffers.pool-ids.values
06-09 14:38:35.776 28066 19096 D ReflectedParamUpdater: extent() != 1 for single value type: algo.buffers.pool-ids.values
06-09 14:38:35.777 28066 19096 D ReflectedParamUpdater: ignored struct field coded.color-format.locations
06-09 14:38:35.778 28066 19096 D CCodecConfig: ignoring local param raw.size (0xd2001800) as it is already supported
06-09 14:38:35.778 28066 19096 D CCodecConfig: ignoring local param default.color (0x5200180b) as it is already supported
06-09 14:38:35.778 28066 19096 D ReflectedParamUpdater: ignored struct field raw.hdr-static-info.mastering
06-09 14:38:35.779 28066 19096 I CCodecConfig: query failed after returning 12 values (BAD_INDEX)
06-09 14:38:35.779 28066 19096 D CCodecConfig: c2 config diff is Dict {
06-09 14:38:35.779 28066 19096 D CCodecConfig:   c2::u32 coded.pl.level = 20496
06-09 14:38:35.779 28066 19096 D CCodecConfig:   c2::u32 coded.pl.profile = 20481
06-09 14:38:35.779 28066 19096 D CCodecConfig:   c2::u32 coded.vui.color.matrix = 0
06-09 14:38:35.779 28066 19096 D CCodecConfig:   c2::u32 coded.vui.color.primaries = 0
06-09 14:38:35.779 28066 19096 D CCodecConfig:   c2::u32 coded.vui.color.range = 2
06-09 14:38:35.779 28066 19096 D CCodecConfig:   c2::u32 coded.vui.color.transfer = 0
06-09 14:38:35.779 28066 19096 D CCodecConfig:   c2::u32 default.color.matrix = 0
06-09 14:38:35.779 28066 19096 D CCodecConfig:   c2::u32 default.color.primaries = 0
06-09 14:38:35.779 28066 19096 D CCodecConfig:   c2::u32 default.color.range = 0
06-09 14:38:35.779 28066 19096 D CCodecConfig:   c2::u32 default.color.transfer = 0
06-09 14:38:35.779 28066 19096 D CCodecConfig:   c2::u32 input.buffers.max-size.value = 2097152
06-09 14:38:35.779 28066 19096 D CCodecConfig:   c2::u32 input.delay.value = 0
06-09 14:38:35.779 28066 19096 D CCodecConfig:   string input.media-type.value = "video/avc"
06-09 14:38:35.779 28066 19096 D CCodecConfig:   c2::u32 output.delay.value = 8
06-09 14:38:35.779 28066 19096 D CCodecConfig:   string output.media-type.value = "video/raw"
06-09 14:38:35.779 28066 19096 D CCodecConfig:   c2::u32 raw.color.matrix = 0
06-09 14:38:35.779 28066 19096 D CCodecConfig:   c2::u32 raw.color.primaries = 0
06-09 14:38:35.779 28066 19096 D CCodecConfig:   c2::u32 raw.color.range = 2
06-09 14:38:35.779 28066 19096 D CCodecConfig:   c2::u32 raw.color.transfer = 0
06-09 14:38:35.779 28066 19096 D CCodecConfig:   c2::u32 raw.max-size.height = 240
06-09 14:38:35.779 28066 19096 D CCodecConfig:   c2::u32 raw.max-size.width = 320
06-09 14:38:35.779 28066 19096 D CCodecConfig:   c2::u32 raw.pixel-format.value = 35
06-09 14:38:35.779 28066 19096 D CCodecConfig:   c2::i32 raw.rotation.flip = 0
06-09 14:38:35.779 28066 19096 D CCodecConfig:   c2::i32 raw.rotation.value = 0
06-09 14:38:35.779 28066 19096 D CCodecConfig:   c2::u32 raw.sar.height = 1
06-09 14:38:35.779 28066 19096 D CCodecConfig:   c2::u32 raw.sar.width = 1
06-09 14:38:35.779 28066 19096 D CCodecConfig:   c2::u32 raw.size.height = 240
06-09 14:38:35.779 28066 19096 D CCodecConfig:   c2::u32 raw.size.width = 320
06-09 14:38:35.779 28066 19096 D CCodecConfig:   c2:
06-09 14:38:35.779 28066 19096 W ColorUtils: expected specified color aspects (2:0:0:0)
06-09 14:38:35.779 28066 19095 D MediaCodec: c2.android.avc.decoder is software codec
06-09 14:38:35.780 28066 19095 D MediaCodec: flushMediametrics
06-09 14:38:35.780 28066 19096 D CCodec  : [c2.android.avc.decoder] buffers are bound to CCodec for this session
06-09 14:38:35.780 28066 19096 I CCodec  : Client requested ByteBuffer mode
06-09 14:38:35.780 28066 19096 I CCodec  : appPid(28066) width(1280) height(720)
06-09 14:38:35.780 28066 19096 D CCodecConfig: no c2 equivalents for thumbnail-time
06-09 14:38:35.780 28066 19096 D CCodecConfig: no c2 equivalents for durationUs
06-09 14:38:35.780 28066 19096 D CCodecConfig: no c2 equivalents for frame-count
06-09 14:38:35.780 28066 19096 D CCodecConfig: no c2 equivalents for track-id
06-09 14:38:35.780 28066 19096 D CCodecConfig: no c2 equivalents for track-fourcc
06-09 14:38:35.780 28066 19096 D CCodecConfig: no c2 equivalents for has-sdtp
06-09 14:38:35.780 28066 19096 D CCodecConfig: no c2 equivalents for language
06-09 14:38:35.780 28066 19096 D CCodecConfig: no c2 equivalents for display-width
06-09 14:38:35.780 28066 19096 D CCodecConfig: no c2 equivalents for display-height
06-09 14:38:35.780 28066 19096 D CCodecConfig: no c2 equivalents for color-standard
06-09 14:38:35.780 28066 19096 D CCodecConfig: no c2 equivalents for csd-1
06-09 14:38:35.780 28066 19096 D CCodecConfig: no c2 equivalents for color-format
06-09 14:38:35.780 28066 19096 D CCodecConfig: no c2 equivalents for flags
06-09 14:38:35.780 28066 19096 D CCodecConfig: c2 config diff is   c2::u32 coded.pl.level = 20490
06-09 14:38:35.780 28066 19096 D CCodecConfig:   c2::u32 coded.pl.profile = 20484
06-09 14:38:35.780 28066 19096 D CCodecConfig:   c2::u32 default.color.matrix = 1
06-09 14:38:35.780 28066 19096 D CCodecConfig:   c2::u32 default.color.primaries = 1
06-09 14:38:35.780 28066 19096 D CCodecConfig:   c2::u32 default.color.range = 2
06-09 14:38:35.780 28066 19096 D CCodecConfig:   c2::u32 default.color.transfer = 3
06-09 14:38:35.780 28066 19096 D CCodecConfig:   c2::u32 raw.size.height = 720
06-09 14:38:35.780 28066 19096 D CCodecConfig:   c2::u32 raw.size.width = 1280
06-09 14:38:35.781 28066 19096 W ColorUtils: expected specified color aspects (2:0:0:0)
06-09 14:38:35.781 28066 19096 W Codec2Client: query -- param skipped: index = 1107298332.
06-09 14:38:35.781 28066 19096 D CCodec  : encoding statistics level = 0
06-09 14:38:35.781 28066 19096 D CCodec  : setup formats input: AMessage(what = 0x00000000) = {
06-09 14:38:35.781 28066 19096 D CCodec  :   int32_t height = 720
06-09 14:38:35.781 28066 19096 D CCodec  :   int32_t level = 1024
06-09 14:38:35.781 28066 19096 D CCodec  :   int32_t max-input-size = 3145748
06-09 14:38:35.781 28066 19096 D CCodec  :   string mime = "video/avc"
06-09 14:38:35.781 28066 19096 D CCodec  :   int32_t profile = 8
06-09 14:38:35.781 28066 19096 D CCodec  :   int32_t width = 1280
06-09 14:38:35.781 28066 19096 D CCodec  :   Rect crop(0, 0, 1279, 719)
06-09 14:38:35.781 28066 19096 D CCodec  : }
06-09 14:38:35.781 28066 19096 D CCodec  : setup formats output: AMessage(what = 0x00000000) = {
06-09 14:38:35.781 28066 19096 D CCodec  :   int32_t android._color-format = 2135033992
06-09 14:38:35.781 28066 19096 D CCodec  :   int32_t android._video-scaling = 1
06-09 14:38:35.781 28066 19096 D CCodec  :   int32_t rotation-degrees = 0
06-09 14:38:35.781 28066 19096 D CCodec  :   int32_t color-standard = 0
06-09 14:38:35.781 28066 19096 D CCodec  :   int32_t color-range = 2
06-09 14:38:35.781 28066 19096 D CCodec  :   int32_t color-transfer = 0
06-09 14:38:35.781 28066 19096 D CCodec  :   int32_t sar-height = 1
06-09 14:38:35.781 28066 19096 D CCodec  :   int32_t sar-width = 1
06-09 14:38:35.781 28066 19096 D CCodec  :   Rect crop(0, 0, 1279, 719)
06-09 14:38:35.781 28066 19096 D CCodec  :   int32_t width = 1280
06-09 14:38:35.781 28066 19096 D CCodec  :   int32_t height = 720
06-09 14:38:35.781 28066 19096 D CCodec  :   int32_t max-height = 240
06-09 14:38:35.781 28066 19096 D CCodec  :   int32_t max-width = 320
06-09 14:38:35.781 28066 19096 D CCodec  :   string mime = "video/raw"
06-09 14:38:35.781 28066 19096 D CCodec  :   int32_t android._dataspace = 268435456
06-09 14:38:35.781 28066 19096 D CCodec  :   int32_t color-format = 2135033992
06-09 14:38:35.781 28066 19096 D CCodec  : }
06-09 14:38:35.781 28066 19096 I CCodecConfig: query failed after returning 12 values (BAD_INDEX)
06-09 14:38:35.781 28066 19096 D CCodecConfig: c2 config diff is   c2::u32 raw.color.matrix = 1
06-09 14:38:35.781 28066 19096 D CCodecConfig:   c2::u32 raw.color.primaries = 1
06-09 14:38:35.781 28066 19096 D CCodecConfig:   c2::u32 raw.color.transfer = 3
06-09 14:38:35.781 28066 19096 D CCodecConfig:   c2::u32 raw.max-size.height = 720
06-09 14:38:35.781 28066 19096 D CCodecConfig:   c2::u32 raw.max-size.width = 1280
06-09 14:38:35.783 28449 28641 D SehCodecSolutionService: updateMediaStatisticsData: (action=1@1986621044;category=2@1986621044;label=1634953268@1986621044)
06-09 14:38:35.783 28449 28641 D CodecSolution_MediaStatisticsData: MediaStatisticsData: action=1@1986621044;category=2@1986621044;label=1634953268@1986621044
06-09 14:38:35.783 28449 28641 D CodecSolution_MediaStatisticsData: Category.valueOf: 2
06-09 14:38:35.783 28449 28641 D CodecSolution_MediaStatisticsData: Action.valueOf: 1
06-09 14:38:35.783 28449 28641 D CodecSolution_MediaStatisticsData: Label.valueOf: 0x61736834
06-09 14:38:35.783 28449 28641 D CodecSolution_MediaStatisticsData: category: VDEC
06-09 14:38:35.783 28449 28641 D CodecSolution_MediaStatisticsData: action: INSTANTIATE
06-09 14:38:35.783 28449 28641 D CodecSolution_MediaStatisticsData: label: ANDROID_SW_H264
06-09 14:38:35.783 28066 19095 I CCodec  : [c2.android.avc.decoder] state->set(STARTING)
06-09 14:38:35.783 28449 28449 D SehCodecSolutionService: handleMessage : 900
06-09 14:38:35.783 28449 28449 D SehCodecSolutionService: event : VDEC
06-09 14:38:35.783 28449 28449 D CodecSolution_Logging: dma : true, feature: VDEC, extra: ANDROID_SW_H264, value: -1
06-09 14:38:35.783 28449 28449 D CodecSolution_Logging: insert diagmon log
06-09 14:38:35.784 28449 28449 D CodecSolution_Logging: permission granted
06-09 14:38:35.787 28066 19096 W Codec2Client: query -- param skipped: index = 1342179345.
06-09 14:38:35.787 28066 19096 W Codec2Client: query -- param skipped: index = 2415921170.
06-09 14:38:35.787 28066 19096 W Codec2Client: query -- param skipped: index = 1610614798.
06-09 14:38:35.788 28066 19096 D CCodecBufferChannel: [c2.android.avc.decoder#701] Created input block pool with allocatorID 16 => poolID 446 - OK (0)
06-09 14:38:35.788 28066 19096 D CCodecBufferChannel: [c2.android.avc.decoder#701] Configured output block pool ids 1 => OK
06-09 14:38:35.788 28066 19096 I CCodec  : [c2.android.avc.decoder] state->set(RUNNING)
06-09 14:38:35.788  1528  1697 I QC2CompStore: Setting heap usage to system
06-09 14:38:35.789 28066 19096 I CCodecBufferChannel: [c2.android.avc.decoder#701] 4 initial input buffers available
06-09 14:38:35.789 28066 19095 W ResourceManagerService: Ignoring request to add new resource entry with value <= 0
06-09 14:38:35.789 28066 19095 I ResourceManagerService: skipResource - MediaInfo (width 1280 height 720), sw codec
06-09 14:38:35.789  1864  2151 D MediaBufferGroup: creating MemoryDealer
06-09 14:38:35.791 21118 19097 D SimpleC2Component: Using output block pool with poolID 1 => got 1 - 0
06-09 14:38:35.793 28066 19096 D CCodecConfig: c2 config diff is   c2::u32 output.delay.value = 5
06-09 14:38:35.793 28066 19096 D Codec2-OutputBufferQueue: set max dequeue count 15 from update
06-09 14:38:35.832 28066 19096 D CCodecConfig: c2 config diff is   c2::u32 raw.crop.height = 720
06-09 14:38:35.832 28066 19096 D CCodecConfig:   c2::u32 raw.crop.left = 0
06-09 14:38:35.832 28066 19096 D CCodecConfig:   c2::u32 raw.crop.top = 0
06-09 14:38:35.832 28066 19096 D CCodecConfig:   c2::u32 raw.crop.width = 1280
06-09 14:38:35.833 28066 19096 D CCodecBuffers: [c2.android.avc.decoder#701:2D-BB-Output] updating image-data
06-09 14:38:35.833 28066 19096 D CCodecBuffers: [c2.android.avc.decoder#701:2D-BB-Output] updating stride = 1280, width: 1280, height: 720
06-09 14:38:35.833 28066 19096 D CCodecBuffers: [c2.android.avc.decoder#701:2D-BB-Output] updating vstride = 900
06-09 14:38:35.843  1440 31453 I vendor.qti.bluetooth@1.0-ibs_handler: ProcessIbsCmd: Received IBS_WAKE_IND: 0xFD
06-09 14:38:35.843  1440 31453 D vendor.qti.bluetooth@1.0-ibs_handler: SerialClockVote: vote for UART CLK ON
06-09 14:38:35.843  1440 31453 D vendor.qti.bluetooth@1.0-wake_lock: Acquire wakelock is acquired
06-09 14:38:35.843  1440 31453 I vendor.qti.bluetooth@1.0-ibs_handler: ProcessIbsCmd: Writing IBS_WAKE_ACK
06-09 14:38:35.849 21118 15578 D C2SoftVpxEnc: bytes generated 1316
06-09 14:38:35.863  1594  1830 E RefreshRateSelector: Can't find idle refresh rate by policy with the same mode group as the current mode {id=2, hwcId=2, resolution=1080x2340, refreshRate=60.00 Hz, dpi=428.62x424.54, group=1080} (idle : 24 fps)
06-09 14:38:35.893  1440 31453 I vendor.qti.bluetooth@1.0-ibs_handler: ProcessIbsCmd: Received IBS_SLEEP_IND: 0xFE
06-09 14:38:35.894  1440 31453 D vendor.qti.bluetooth@1.0-ibs_handler: SerialClockVote: vote for UART CLK OFF
06-09 14:38:35.905  1440 31453 I vendor.qti.bluetooth@1.0-ibs_handler: ProcessIbsCmd: Received IBS_WAKE_IND: 0xFD
06-09 14:38:35.905  1440 31453 D vendor.qti.bluetooth@1.0-ibs_handler: SerialClockVote: vote for UART CLK ON
06-09 14:38:35.905  1440 31453 I vendor.qti.bluetooth@1.0-ibs_handler: ProcessIbsCmd: Writing IBS_WAKE_ACK
06-09 14:38:35.908 30454 31491 D BtGatt.GattService: onScanResult to scannerId: 1- eventType=0x1b, addressType=1, address=XX:XX:XX:XX:56:9E, primaryPhy=1, secondaryPhy=0, advertisingSid=0xff, txPower=127, rssi=-48, periodicAdvInt=0x0
06-09 14:38:35.946  1440 31453 I vendor.qti.bluetooth@1.0-ibs_handler: ProcessIbsCmd: Received IBS_SLEEP_IND: 0xFE
06-09 14:38:35.946  1440 31453 D vendor.qti.bluetooth@1.0-ibs_handler: SerialClockVote: vote for UART CLK OFF
06-09 14:38:35.950  1528  1697 I QC2CompStore: Setting heap usage to system
06-09 14:38:35.950 21118 15578 D C2SoftVpxEnc: bytes generated 1317
06-09 14:38:35.994 28066 17320 I FrameDecoder: updateDstVideoSize. mKeepAspectRatio(0), mDstWidth(0), mDstHeight(0)
06-09 14:38:35.997 28066 17320 I FrameDecoder: success to get video frame. timeUs = 7760000
06-09 14:38:35.997 28066 19095 I CCodec  : [c2.android.avc.decoder] state->set(RELEASING)
06-09 14:38:35.997 28066 19095 D CCodecBufferChannel: [c2.android.avc.decoder#701] MediaCodec discarded an unknown buffer
06-09 14:38:35.997 28066 19186 I CCodec  : [c2.android.avc.decoder] release(1)
06-09 14:38:35.997 28066 19095 D CCodecBufferChannel: [c2.android.avc.decoder#701] MediaCodec discarded an unknown buffer
06-09 14:38:36.002 28066 19186 I CCodec  : [c2.android.avc.decoder] state->set(RELEASED)
06-09 14:38:36.003 28066 19095 I MediaCodec: Codec shutdown complete
06-09 14:38:36.003 28066 19095 I ResourceManagerService: skipResource - MediaInfo (width 1280 height 720), sw codec
06-09 14:38:36.003 28066 19186 I hw-BpHwBinder: onLastStrongRef automatically unlinking death recipients
06-09 14:38:36.004 28066 17320 D MediaCodec: flushMediametrics
06-09 14:38:36.004 28066 19095 W AMessage: failed to deliver message as target handler 3808 is gone.
06-09 14:38:36.005 21118 31428 I hw-BpHwBinder: onLastStrongRef automatically unlinking death recipients
06-09 14:38:36.051 21118 15578 D C2SoftVpxEnc: bytes generated 1312
06-09 14:38:36.066 15465 15494 D BufferPoolAccessor2.0: bufferpool2 0xb4000074245397e8 : 4(15360 size) total buffers - 4(15360 size) used buffers - 0/5 (recycle/alloc) - 8/6645 (fetch/transfer)
06-09 14:38:36.073 28068 31489 E netd    : getUidTrafficStats: first key not obtained
06-09 14:38:36.096  1440 30946 D vendor.qti.bluetooth@1.0-wake_lock: Release wakelock is released
06-09 14:38:36.137 16470 16522 V MediaMetadataRetriever: destructor
06-09 14:38:36.137 16470 16522 V MediaMetadataRetriever: disconnect
06-09 14:38:36.138 28066 17320 V MetadataRetrieverClient: disconnect from pid 16470
06-09 14:38:36.144 16470 16522 E TestRunner: failed: recognizerVideoModeResultFallsWithinAcceptedRange(com.google.mediapipe.examples.gesturerecognizer.GestureRecognizerTest)
06-09 14:38:36.144 16470 16522 E TestRunner: ----- begin exception -----
06-09 14:38:36.147 16470 16522 E TestRunner: org.junit.ComparisonFailure: expected:<[Thumb_Up]> but was:<[]>
06-09 14:38:36.147 16470 16522 E TestRunner: 	at org.junit.Assert.assertEquals(Assert.java:115)
06-09 14:38:36.147 16470 16522 E TestRunner: 	at org.junit.Assert.assertEquals(Assert.java:144)
06-09 14:38:36.147 16470 16522 E TestRunner: 	at com.google.mediapipe.examples.gesturerecognizer.GestureRecognizerTest.recognizerVideoModeResultFallsWithinAcceptedRange(GestureRecognizerTest.kt:193)
06-09 14:38:36.147 16470 16522 E TestRunner: 	at java.lang.reflect.Method.invoke(Native Method)
06-09 14:38:36.147 16470 16522 E TestRunner: 	at org.junit.runners.model.FrameworkMethod$1.runReflectiveCall(FrameworkMethod.java:50)
06-09 14:38:36.147 16470 16522 E TestRunner: 	at org.junit.internal.runners.model.ReflectiveCallable.run(ReflectiveCallable.java:12)
06-09 14:38:36.147 16470 16522 E TestRunner: 	at org.junit.runners.model.FrameworkMethod.invokeExplosively(FrameworkMethod.java:47)
06-09 14:38:36.147 16470 16522 E TestRunner: 	at org.junit.internal.runners.statements.InvokeMethod.evaluate(InvokeMethod.java:17)
06-09 14:38:36.147 16470 16522 E TestRunner: 	at androidx.test.internal.runner.junit4.statement.RunBefores.evaluate(RunBefores.java:80)
06-09 14:38:36.147 16470 16522 E TestRunner: 	at org.junit.runners.ParentRunner.runLeaf(ParentRunner.java:325)
06-09 14:38:36.147 16470 16522 E TestRunner: 	at org.junit.runners.BlockJUnit4ClassRunner.runChild(BlockJUnit4ClassRunner.java:78)
06-09 14:38:36.147 16470 16522 E TestRunner: 	at org.junit.runners.BlockJUnit4ClassRunner.runChild(BlockJUnit4ClassRunner.java:57)
06-09 14:38:36.147 16470 16522 E TestRunner: 	at org.junit.runners.ParentRunner$3.run(ParentRunner.java:290)
06-09 14:38:36.147 16470 16522 E TestRunner: 	at org.junit.runners.ParentRunner$1.schedule(ParentRunner.java:71)
06-09 14:38:36.147 16470 16522 E TestRunner: 	at org.junit.runners.ParentRunner.runChildren(ParentRunner.java:288)
06-09 14:38:36.147 16470 16522 E TestRunner: 	at org.junit.runners.ParentRunner.access$000(ParentRunner.java:58)
06-09 14:38:36.147 16470 16522 E TestRunner: 	at org.junit.runners.ParentRunner$2.evaluate(ParentRunner.java:268)
06-09 14:38:36.147 16470 16522 E TestRunner: 	at org.junit.runners.ParentRunner.run(ParentRunner.java:363)
06-09 14:38:36.147 16470 16522 E TestRunner: 	at androidx.test.ext.junit.runners.AndroidJUnit4.run(AndroidJUnit4.java:162)
06-09 14:38:36.147 16470 16522 E TestRunner: 	at org.junit.runners.Suite.runChild(Suite.java:128)
06-09 14:38:36.147 16470 16522 E TestRunner: 	at org.junit.runners.Suite.runChild(Suite.java:27)
06-09 14:38:36.147 16470 16522 E TestRunner: 	at org.junit.runners.ParentRunner$3.run(ParentRunner.java:290)
06-09 14:38:36.147 16470 16522 E TestRunner: 	at org.junit.runners.ParentRunner$1.schedule(ParentRunner.java:71)
06-09 14:38:36.147 16470 16522 E TestRunner: 	at org.junit.runners.ParentRunner.runChildren(ParentRunner.java:288)
06-09 14:38:36.147 16470 16522 E TestRunner: 	at org.junit.runners.ParentRunner.access$000(ParentRunner.java:58)
06-09 14:38:36.147 16470 16522 E TestRunner: 	at org.junit.runners.ParentRunner$2.evaluate(ParentRunner.java:268)
06-09 14:38:36.147 16470 16522 E TestRunner: 	at org.junit.runners.ParentRunner.run(ParentRunner.java:363)
06-09 14:38:36.147 16470 16522 E TestRunner: 	at org.junit.runner.JUnitCore.run(JUnitCore.java:137)
06-09 14:38:36.147 16470 16522 E TestRunner: 	at org.junit.runner.JUnitCore.run(JUnitCore.java:115)
06-09 14:38:36.147 16470 16522 E TestRunner: 	at androidx.test.internal.runner.TestExecutor.execute(TestExecutor.java:56)
06-09 14:38:36.147 16470 16522 E TestRunner: 	at androidx.test.runner.AndroidJUnitRunner.onStart(AndroidJUnitRunner.java:444)
06-09 14:38:36.147 16470 16522 E TestRunner: 	at android.app.Instrumentation$InstrumentationThread.run(Instrumentation.java:2415)
06-09 14:38:36.147 16470 16522 E TestRunner: ----- end exception -----
06-09 14:38:36.150 16470 16522 I TestRunner: finished: recognizerVideoModeResultFallsWithinAcceptedRange(com.google.mediapipe.examples.gesturerecognizer.GestureRecognizerTest)
